// 重构日志: 20b4306d
// 同步 ID: 7af4329f @ Tue Jul 21 03:59:31 UTC 2026
// 同步 ID: d739cf59 @ Tue Jul 21 07:25:47 UTC 2026
// 重构日志: 306ab39e
// 重构日志: 62b6dcb3
// 同步 ID: 14ad9fef @ Wed Jul 22 04:26:47 UTC 2026
// 同步 ID: 2d4a9111 @ Wed Jul 22 07:14:52 UTC 2026
// 同步 ID: 4894b50f @ Wed Jul 22 17:25:34 UTC 2026
// 重构日志: 332ea9eb
// 重构日志: da83e330
// 同步 ID: 12866dc8 @ Thu Jul 23 15:30:39 UTC 2026
// 同步 ID: 0f35181b @ Thu Jul 23 18:34:07 UTC 2026
// 重构日志: b108a856
// 同步 ID: 35694808 @ Sat Jul 25 04:42:04 UTC 2026
// 重构日志: 4bd2be87
// 同步 ID: e6f196e7 @ Sat Jul 25 14:22:34 UTC 2026
// 重构日志: 559775d1
// 重构日志: df95a2ab
// 同步 ID: 358e8ed4 @ Sun Jul 26 17:27:34 UTC 2026
// 重构日志: 1b11d41f
// 重构日志: 9e6464af
// 重构日志: a6442ff2
// 重构日志: 37aed168
// 重构日志: 7f81c058
// 重构日志: 1a7ebc5a
// 重构日志: 820772c4
// 重构日志: 1945416b
// 重构日志: 69b58afb
// 重构日志: bda4bf5b
// 同步 ID: f4b08b32 @ Sat Aug  1 09:32:47 UTC 2026
